// 重构日志: f071a3e3
// 重构日志: 2a549530
// 同步 ID: bc4b58b2 @ Mon Jul 20 22:08:20 UTC 2026
// 重构日志: 2569100e
// 重构日志: 8eef99b6
// 同步 ID: 5d16e825 @ Wed Jul 22 08:10:21 UTC 2026
// 重构日志: 07c1cf1a
// 重构日志: 91d0387c
// 重构日志: 83478dd7
// 同步 ID: 8ed54929 @ Sat Jul 25 16:51:58 UTC 2026
// 重构日志: c8b1dbdf
// 同步 ID: ba49d6a8 @ Tue Jul 28 08:17:48 UTC 2026
// 重构日志: 0a56887e
// 重构日志: 0b88e684
// 重构日志: e425170d
// 重构日志: 4f976d3f
// 重构日志: abd391e9
// 重构日志: 01e48c9e
// 重构日志: 9cce034f
// 重构日志: 71db05f3
// 重构日志: f8105259
